$ bin/build

$ npm ci --silent (cwd e2e)

$ npx playwright install chromium (cwd e2e)

$ npx playwright test --reporter=json --workers=1 --output=/home/daniel/ui-work/202609301425/gated-chain2/.run/pw-artifacts

Running 15 tests using 1 worker

[1A[2K[1/15] [chromium] › cp01_clients.spec.ts:18:7 › clients › lists seeded clients
[1A[2K[2/15] [chromium] › cp01_clients.spec.ts:35:7 › clients › creates a client
[1A[2K[3/15] [chromium] › cp02_client_email_validation.spec.ts:7:7 › client email validation › rejects a blank email
[1A[2K[4/15] [chromium] › cp02_client_email_validation.spec.ts:20:7 › client email validation › rejects a malformed email
[1A[2K[5/15] [chromium] › cp02_client_email_validation.spec.ts:33:7 › client email validation › accepts a valid email
[1A[2K[6/15] [chromium] › cp03_projects.spec.ts:7:7 › projects › lists projects with their client name
[1A[2K[7/15] [chromium] › cp03_projects.spec.ts:20:7 › projects › creates a project for a client
[1A[2K[8/15] [chromium] › cp04_project_invoices.spec.ts:8:7 › project invoices › a project shows its invoices and their total
[1A[2K[9/15] [chromium] › cp04_project_invoices.spec.ts:27:7 › project invoices › adds an invoice to a project
[1A[2K[10/15] [chromium] › cp05_invoice_pay_audit.spec.ts:8:7 › invoice payment › marking an invoice paid updates its status
[1A[2K[11/15] [chromium] › cp05_invoice_pay_audit.spec.ts:23:7 › invoice payment › paying an invoice writes an audit record
[1A[2K[12/15] [chromium] › cp06_client_search.spec.ts:7:7 › client search › filters clients by name
[1A[2K[13/15] [chromium] › cp07_client_detail_projects.spec.ts:7:7 › client detail › lists the client's projects
[1A[2K[14/15] [chromium] › cp08_dashboard.spec.ts:7:7 › dashboard › shows counts and the outstanding total
[1A[2K[15/15] [chromium] › cp09_currency_format.spec.ts:9:7 › currency formatting › invoice amounts and totals show a currency symbol
[1A[2K  15 passed (6.0s)
