$ bin/build

$ npm ci --silent (cwd e2e)

$ npx playwright install chromium (cwd e2e)

$ npx playwright test --reporter=json --workers=1 --output=/home/daniel/ui-work/202609301425/gated-chain1/.run/pw-artifacts

Running 18 tests using 1 worker

[1A[2K[1/18] [chromium] › cp01_clients.spec.ts:18:7 › clients › lists seeded clients
[1A[2K[2/18] [chromium] › cp01_clients.spec.ts:35:7 › clients › creates a client
[1A[2K[3/18] [chromium] › cp02_client_email_validation.spec.ts:7:7 › client email validation › rejects a blank email
[1A[2K[4/18] [chromium] › cp02_client_email_validation.spec.ts:20:7 › client email validation › rejects a malformed email
[1A[2K[5/18] [chromium] › cp02_client_email_validation.spec.ts:33:7 › client email validation › accepts a valid email
[1A[2K[6/18] [chromium] › cp03_projects.spec.ts:7:7 › projects › lists projects with their client name
[1A[2K[7/18] [chromium] › cp03_projects.spec.ts:20:7 › projects › creates a project for a client
[1A[2K[8/18] [chromium] › cp04_project_invoices.spec.ts:8:7 › project invoices › a project shows its invoices and their total
[1A[2K[9/18] [chromium] › cp04_project_invoices.spec.ts:27:7 › project invoices › adds an invoice to a project
[1A[2K[10/18] [chromium] › cp05_invoice_pay_audit.spec.ts:8:7 › invoice payment › marking an invoice paid updates its status
[1A[2K[11/18] [chromium] › cp05_invoice_pay_audit.spec.ts:23:7 › invoice payment › paying an invoice writes an audit record
[1A[2K[12/18] [chromium] › cp06_client_search.spec.ts:7:7 › client search › filters clients by name
[1A[2K[13/18] [chromium] › cp07_client_detail_projects.spec.ts:7:7 › client detail › lists the client's projects
[1A[2K[14/18] [chromium] › cp08_dashboard.spec.ts:7:7 › dashboard › shows counts and the outstanding total
[1A[2K[15/18] [chromium] › cp09_currency_format.spec.ts:9:7 › currency formatting › invoice amounts and totals show a currency symbol
[1A[2K[16/18] [chromium] › cp10_invoice_amount_positive.spec.ts:7:7 › invoice amount validation › rejects a non-positive amount
[1A[2K[17/18] [chromium] › cp10_invoice_amount_positive.spec.ts:24:7 › invoice amount validation › accepts a positive amount
[1A[2K[18/18] [chromium] › cp11_invoice_dates.spec.ts:6:7 › invoice dates › an invoice shows its issue and due dates
[1A[2K  18 passed (6.7s)
