$ bin/build

$ npm ci --silent (cwd e2e)

$ npx playwright install chromium (cwd e2e)

$ npx playwright test --reporter=json --workers=1 --output=/home/daniel/ui-work/202610020135/just-solve-chain1/.run/pw-artifacts

Running 19 tests using 1 worker

[1A[2K[1/19] [chromium] › cp01_clients.spec.ts:18:7 › clients › lists seeded clients
[1A[2K[2/19] [chromium] › cp01_clients.spec.ts:35:7 › clients › creates a client
[1A[2K[3/19] [chromium] › cp02_client_email_validation.spec.ts:7:7 › client email validation › rejects a blank email
[1A[2K[4/19] [chromium] › cp02_client_email_validation.spec.ts:20:7 › client email validation › rejects a malformed email
[1A[2K[5/19] [chromium] › cp02_client_email_validation.spec.ts:33:7 › client email validation › accepts a valid email
[1A[2K[6/19] [chromium] › cp03_projects.spec.ts:7:7 › projects › lists projects with their client name
[1A[2K[7/19] [chromium] › cp03_projects.spec.ts:20:7 › projects › creates a project for a client
[1A[2K[8/19] [chromium] › cp04_project_invoices.spec.ts:8:7 › project invoices › a project shows its invoices and their total
[1A[2K  1) [chromium] › cp04_project_invoices.spec.ts:8:7 › project invoices › a project shows its invoices and their total 

    Error: seed contract broken: POST /__test__/seed returned HTTP 500 — {"timestamp":"2026-10-01T18:20:59.432Z","status":500,"error":"Internal Server Error","path":"/__test__/seed"}

       at ../support/seed.ts:20

      18 |   if (!r.ok()) {
      19 |     const body = (await r.text().catch(() => '')).slice(0, 500);
    > 20 |     throw new Error(`seed contract broken: ${what} returned HTTP ${r.status()} — ${body}`);
         |           ^
      21 |   }
      22 | }
      23 |

        at must (/home/daniel/ui-work/202610020135/just-solve-chain1/e2e/support/seed.ts:20:11)
        at resetAndSeed (/home/daniel/ui-work/202610020135/just-solve-chain1/e2e/support/seed.ts:28:5)
        at /home/daniel/ui-work/202610020135/just-solve-chain1/e2e/specs/cp04_project_invoices.spec.ts:9:5


[1A[2K[9/19] [chromium] › cp04_project_invoices.spec.ts:27:7 › project invoices › adds an invoice to a project
[1A[2K[10/19] [chromium] › cp05_invoice_pay_audit.spec.ts:8:7 › invoice payment › marking an invoice paid updates its status
[1A[2K  2) [chromium] › cp05_invoice_pay_audit.spec.ts:8:7 › invoice payment › marking an invoice paid updates its status 

    Error: seed contract broken: POST /__test__/seed returned HTTP 500 — {"timestamp":"2026-10-01T18:21:00.772Z","status":500,"error":"Internal Server Error","path":"/__test__/seed"}

       at ../support/seed.ts:20

      18 |   if (!r.ok()) {
      19 |     const body = (await r.text().catch(() => '')).slice(0, 500);
    > 20 |     throw new Error(`seed contract broken: ${what} returned HTTP ${r.status()} — ${body}`);
         |           ^
      21 |   }
      22 | }
      23 |

        at must (/home/daniel/ui-work/202610020135/just-solve-chain1/e2e/support/seed.ts:20:11)
        at resetAndSeed (/home/daniel/ui-work/202610020135/just-solve-chain1/e2e/support/seed.ts:28:5)
        at /home/daniel/ui-work/202610020135/just-solve-chain1/e2e/specs/cp05_invoice_pay_audit.spec.ts:9:5


[1A[2K[11/19] [chromium] › cp05_invoice_pay_audit.spec.ts:23:7 › invoice payment › paying an invoice writes an audit record
[1A[2K  3) [chromium] › cp05_invoice_pay_audit.spec.ts:23:7 › invoice payment › paying an invoice writes an audit record 

    Error: seed contract broken: POST /__test__/seed returned HTTP 500 — {"timestamp":"2026-10-01T18:21:01.448Z","status":500,"error":"Internal Server Error","path":"/__test__/seed"}

       at ../support/seed.ts:20

      18 |   if (!r.ok()) {
      19 |     const body = (await r.text().catch(() => '')).slice(0, 500);
    > 20 |     throw new Error(`seed contract broken: ${what} returned HTTP ${r.status()} — ${body}`);
         |           ^
      21 |   }
      22 | }
      23 |

        at must (/home/daniel/ui-work/202610020135/just-solve-chain1/e2e/support/seed.ts:20:11)
        at resetAndSeed (/home/daniel/ui-work/202610020135/just-solve-chain1/e2e/support/seed.ts:28:5)
        at /home/daniel/ui-work/202610020135/just-solve-chain1/e2e/specs/cp05_invoice_pay_audit.spec.ts:24:5


[1A[2K[12/19] [chromium] › cp06_client_search.spec.ts:7:7 › client search › filters clients by name
[1A[2K[13/19] [chromium] › cp07_client_detail_projects.spec.ts:7:7 › client detail › lists the client's projects
[1A[2K[14/19] [chromium] › cp08_dashboard.spec.ts:7:7 › dashboard › shows counts and the outstanding total
[1A[2K  4) [chromium] › cp08_dashboard.spec.ts:7:7 › dashboard › shows counts and the outstanding total ──

    Error: seed contract broken: POST /__test__/seed returned HTTP 500 — {"timestamp":"2026-10-01T18:21:02.672Z","status":500,"error":"Internal Server Error","path":"/__test__/seed"}

       at ../support/seed.ts:20

      18 |   if (!r.ok()) {
      19 |     const body = (await r.text().catch(() => '')).slice(0, 500);
    > 20 |     throw new Error(`seed contract broken: ${what} returned HTTP ${r.status()} — ${body}`);
         |           ^
      21 |   }
      22 | }
      23 |

        at must (/home/daniel/ui-work/202610020135/just-solve-chain1/e2e/support/seed.ts:20:11)
        at resetAndSeed (/home/daniel/ui-work/202610020135/just-solve-chain1/e2e/support/seed.ts:28:5)
        at /home/daniel/ui-work/202610020135/just-solve-chain1/e2e/specs/cp08_dashboard.spec.ts:8:5


[1A[2K[15/19] [chromium] › cp09_currency_format.spec.ts:9:7 › currency formatting › invoice amounts and totals show a currency symbol
[1A[2K  5) [chromium] › cp09_currency_format.spec.ts:9:7 › currency formatting › invoice amounts and totals show a currency symbol 

    Error: seed contract broken: POST /__test__/seed returned HTTP 500 — {"timestamp":"2026-10-01T18:21:03.343Z","status":500,"error":"Internal Server Error","path":"/__test__/seed"}

       at ../support/seed.ts:20

      18 |   if (!r.ok()) {
      19 |     const body = (await r.text().catch(() => '')).slice(0, 500);
    > 20 |     throw new Error(`seed contract broken: ${what} returned HTTP ${r.status()} — ${body}`);
         |           ^
      21 |   }
      22 | }
      23 |

        at must (/home/daniel/ui-work/202610020135/just-solve-chain1/e2e/support/seed.ts:20:11)
        at resetAndSeed (/home/daniel/ui-work/202610020135/just-solve-chain1/e2e/support/seed.ts:28:5)
        at /home/daniel/ui-work/202610020135/just-solve-chain1/e2e/specs/cp09_currency_format.spec.ts:10:5


[1A[2K[16/19] [chromium] › cp10_invoice_amount_positive.spec.ts:7:7 › invoice amount validation › rejects a non-positive amount
[1A[2K[17/19] [chromium] › cp10_invoice_amount_positive.spec.ts:24:7 › invoice amount validation › accepts a positive amount
[1A[2K[18/19] [chromium] › cp11_invoice_dates.spec.ts:6:7 › invoice dates › an invoice shows its issue and due dates
[1A[2K[19/19] [chromium] › cp12_invoice_sort_due.spec.ts:6:7 › sort invoices by due date › sorts the invoices earliest due first
[1A[2K  5 failed
    [chromium] › cp04_project_invoices.spec.ts:8:7 › project invoices › a project shows its invoices and their total 
    [chromium] › cp05_invoice_pay_audit.spec.ts:8:7 › invoice payment › marking an invoice paid updates its status 
    [chromium] › cp05_invoice_pay_audit.spec.ts:23:7 › invoice payment › paying an invoice writes an audit record 
    [chromium] › cp08_dashboard.spec.ts:7:7 › dashboard › shows counts and the outstanding total ───
    [chromium] › cp09_currency_format.spec.ts:9:7 › currency formatting › invoice amounts and totals show a currency symbol 
  14 passed (9.1s)
