$ bin/build

$ npm ci --silent (cwd e2e)

$ npx playwright install chromium (cwd e2e)

$ npx playwright test --reporter=json --workers=1 --output=/home/daniel/ui-work/202609301425/gated-chain1/.run/pw-artifacts

Running 35 tests using 1 worker

[1A[2K[1/35] [chromium] › cp01_clients.spec.ts:18:7 › clients › lists seeded clients
[1A[2K[2/35] [chromium] › cp01_clients.spec.ts:35:7 › clients › creates a client
[1A[2K[3/35] [chromium] › cp02_client_email_validation.spec.ts:7:7 › client email validation › rejects a blank email
[1A[2K[4/35] [chromium] › cp02_client_email_validation.spec.ts:20:7 › client email validation › rejects a malformed email
[1A[2K[5/35] [chromium] › cp02_client_email_validation.spec.ts:33:7 › client email validation › accepts a valid email
[1A[2K[6/35] [chromium] › cp03_projects.spec.ts:6:7 › projects › lists projects with their client name, excluding archived
[1A[2K  1) [chromium] › cp03_projects.spec.ts:6:7 › projects › lists projects with their client name, excluding archived 

    Error: [31mTimed out 5000ms waiting for [39m[2mexpect([22m[31mlocator[39m[2m).[22mtoHaveCount[2m([22m[32mexpected[39m[2m)[22m

    Locator: getByTestId(/^project-row-/)
    Expected: [32m1[39m
    Received: [31m2[39m
    Call log:
      [2m- expect.toHaveCount with timeout 5000ms[22m
    [2m  - waiting for getByTestId(/^project-row-/)[22m
    [2m  -   locator resolved to 2 elements[22m
    [2m  -   unexpected value "2"[22m
    [2m  -   locator resolved to 2 elements[22m
    [2m  -   unexpected value "2"[22m
    [2m  -   locator resolved to 2 elements[22m
    [2m  -   unexpected value "2"[22m
    [2m  -   locator resolved to 2 elements[22m
    [2m  -   unexpected value "2"[22m
    [2m  -   locator resolved to 2 elements[22m
    [2m  -   unexpected value "2"[22m
    [2m  -   locator resolved to 2 elements[22m
    [2m  -   unexpected value "2"[22m
    [2m  -   locator resolved to 2 elements[22m
    [2m  -   unexpected value "2"[22m
    [2m  -   locator resolved to 2 elements[22m
    [2m  -   unexpected value "2"[22m
    [2m  -   locator resolved to 2 elements[22m
    [2m  -   unexpected value "2"[22m


      16 |
      17 |     await expect(page.getByTestId('projects-table')).toBeVisible();
    > 18 |     await expect(page.getByTestId(/^project-row-/)).toHaveCount(1);
         |                                                     ^
      19 |     await expect(page.getByTestId('project-row-1').getByTestId('project-name')).toHaveText('Website Rebuild');
      20 |     await expect(page.getByTestId('project-row-1').getByTestId('project-client')).toHaveText('Acme Ltd');
      21 |     await expect(page.getByTestId('project-row-2')).toHaveCount(0);

        at /home/daniel/ui-work/202609301425/gated-chain1/e2e/specs/cp03_projects.spec.ts:18:53


[1A[2K[7/35] [chromium] › cp03_projects.spec.ts:24:7 › projects › creates a project for a client
[1A[2K[8/35] [chromium] › cp04_project_invoices.spec.ts:8:7 › project invoices › a project shows its invoices and their total
[1A[2K[9/35] [chromium] › cp04_project_invoices.spec.ts:27:7 › project invoices › adding a line item to a new invoice sets its amount
[1A[2K[10/35] [chromium] › cp05_invoice_pay_audit.spec.ts:8:7 › invoice payment › paying a sent invoice updates its status
[1A[2K[11/35] [chromium] › cp05_invoice_pay_audit.spec.ts:23:7 › invoice payment › paying a sent invoice writes an audit record
[1A[2K[12/35] [chromium] › cp06_client_search.spec.ts:7:7 › client search › filters clients by name
[1A[2K[13/35] [chromium] › cp07_client_detail_projects.spec.ts:6:7 › client detail › lists the client's projects, excluding archived
[1A[2K  2) [chromium] › cp07_client_detail_projects.spec.ts:6:7 › client detail › lists the client's projects, excluding archived 

    Error: [31mTimed out 5000ms waiting for [39m[2mexpect([22m[31mlocator[39m[2m).[22mtoHaveCount[2m([22m[32mexpected[39m[2m)[22m

    Locator: getByTestId('client-projects-table').getByTestId(/^project-row-/)
    Expected: [32m1[39m
    Received: [31m2[39m
    Call log:
      [2m- expect.toHaveCount with timeout 5000ms[22m
    [2m  - waiting for getByTestId('client-projects-table').getByTestId(/^project-row-/)[22m
    [2m  -   locator resolved to 2 elements[22m
    [2m  -   unexpected value "2"[22m
    [2m  -   locator resolved to 2 elements[22m
    [2m  -   unexpected value "2"[22m
    [2m  -   locator resolved to 2 elements[22m
    [2m  -   unexpected value "2"[22m
    [2m  -   locator resolved to 2 elements[22m
    [2m  -   unexpected value "2"[22m
    [2m  -   locator resolved to 2 elements[22m
    [2m  -   unexpected value "2"[22m
    [2m  -   locator resolved to 2 elements[22m
    [2m  -   unexpected value "2"[22m
    [2m  -   locator resolved to 2 elements[22m
    [2m  -   unexpected value "2"[22m
    [2m  -   locator resolved to 2 elements[22m
    [2m  -   unexpected value "2"[22m
    [2m  -   locator resolved to 2 elements[22m
    [2m  -   unexpected value "2"[22m


      22 |     const owned = page.getByTestId('client-projects-table');
      23 |     await expect(owned).toBeVisible();
    > 24 |     await expect(owned.getByTestId(/^project-row-/)).toHaveCount(1);
         |                                                      ^
      25 |     await expect(owned.getByTestId('project-row-1').getByTestId('project-name')).toHaveText('Website Rebuild');
      26 |     await expect(owned.getByTestId('project-row-2')).toHaveCount(0);
      27 |     await expect(owned.getByTestId('project-row-3')).toHaveCount(0);

        at /home/daniel/ui-work/202609301425/gated-chain1/e2e/specs/cp07_client_detail_projects.spec.ts:24:54


[1A[2K[14/35] [chromium] › cp08_dashboard.spec.ts:7:7 › dashboard › shows counts and the outstanding total
[1A[2K[15/35] [chromium] › cp09_currency_format.spec.ts:9:7 › currency formatting › invoice amounts and totals show a currency symbol
[1A[2K[16/35] [chromium] › cp10_invoice_amount_positive.spec.ts:7:7 › invoice amount validation › rejects a non-positive amount
[1A[2K[17/35] [chromium] › cp10_invoice_amount_positive.spec.ts:24:7 › invoice amount validation › accepts a positive amount
[1A[2K[18/35] [chromium] › cp11_invoice_dates.spec.ts:6:7 › invoice dates › an invoice shows its issue and due dates
[1A[2K[19/35] [chromium] › cp12_invoice_sort_due.spec.ts:6:7 › sort invoices by due date › sorts the invoices earliest due first
[1A[2K[20/35] [chromium] › cp13_invoice_lifecycle.spec.ts:8:7 › invoice lifecycle › sending a draft invoice moves it to sent and records it
[1A[2K[21/35] [chromium] › cp13_invoice_lifecycle.spec.ts:24:7 › invoice lifecycle › a draft invoice cannot be paid until it is sent
[1A[2K[22/35] [chromium] › cp14_all_invoices.spec.ts:6:7 › all invoices › lists invoices from every project with project and status
[1A[2K[23/35] [chromium] › cp15_invoice_status_filter.spec.ts:6:7 › filter invoices by status › shows only invoices at the chosen stage
[1A[2K[24/35] [chromium] › cp16_client_contacts.spec.ts:6:7 › client contacts › lists a client's contacts
[1A[2K[25/35] [chromium] › cp16_client_contacts.spec.ts:24:7 › client contacts › adds a contact to a client
[1A[2K[26/35] [chromium] › cp17_outstanding_sent_only.spec.ts:7:7 › outstanding counts sent invoices only › the outstanding total excludes drafts
[1A[2K[27/35] [chromium] › cp18_contact_email_validation.spec.ts:6:7 › contact email validation › rejects a bad contact email
[1A[2K[28/35] [chromium] › cp19_client_badges.spec.ts:6:7 › client badges › shows project and contact counts
[1A[2K[29/35] [chromium] › cp20_project_tasks.spec.ts:6:7 › project tasks › lists tasks and lets me tick one off
[1A[2K[30/35] [chromium] › cp21_invoice_line_items.spec.ts:7:7 › invoice line items › invoice amount is the sum of its line items
[1A[2K[31/35] [chromium] › cp21_invoice_line_items.spec.ts:33:7 › invoice line items › adding a line item increases the invoice total
[1A[2K[32/35] [chromium] › cp22_line_items_edit.spec.ts:6:7 › edit line items › removing a line item lowers the total
[1A[2K[33/35] [chromium] › cp23_task_filter.spec.ts:6:7 › filter tasks › shows only open or only done tasks
[1A[2K[34/35] [chromium] › cp24_project_delete_audit.spec.ts:8:7 › remove a project › removing archives the project and records it
[1A[2K[35/35] [chromium] › cp25_project_archive.spec.ts:8:7 › archive a project › archiving hides the project but keeps it
[1A[2K  2 failed
    [chromium] › cp03_projects.spec.ts:6:7 › projects › lists projects with their client name, excluding archived 
    [chromium] › cp07_client_detail_projects.spec.ts:6:7 › client detail › lists the client's projects, excluding archived 
  33 passed (24.2s)
