$ bin/build

$ npm ci --silent (cwd e2e)

$ npx playwright install chromium (cwd e2e)

$ npx playwright test --reporter=json --workers=1 --output=/home/daniel/ui-work/202610020135/just-solve-chain1/.run/pw-artifacts

Running 72 tests using 1 worker

[1A[2K[1/72] [chromium] › cp01_clients.spec.ts:7:7 › clients › lists seeded clients, excluding archived
[1A[2K[2/72] [chromium] › cp01_clients.spec.ts:21:7 › clients › creates a client with a unique email
[1A[2K  1) [chromium] › cp01_clients.spec.ts:21:7 › clients › creates a client with a unique email ───────

    Error: [31mTimed out 5000ms waiting for [39m[2mexpect([22m[31mlocator[39m[2m).[22mtoHaveCount[2m([22m[32mexpected[39m[2m)[22m

    Locator: getByTestId(/^client-row-/)
    Expected: [32m2[39m
    Received: [31m1[39m
    Call log:
      [2m- expect.toHaveCount with timeout 5000ms[22m
    [2m  - waiting for getByTestId(/^client-row-/)[22m
    [2m  -   locator resolved to 1 element[22m
    [2m  -   unexpected value "1"[22m
    [2m  -   locator resolved to 1 element[22m
    [2m  -   unexpected value "1"[22m
    [2m  -   locator resolved to 1 element[22m
    [2m  -   unexpected value "1"[22m
    [2m  -   locator resolved to 1 element[22m
    [2m  -   unexpected value "1"[22m
    [2m  -   locator resolved to 1 element[22m
    [2m  -   unexpected value "1"[22m
    [2m  -   locator resolved to 1 element[22m
    [2m  -   unexpected value "1"[22m
    [2m  -   locator resolved to 1 element[22m
    [2m  -   unexpected value "1"[22m
    [2m  -   locator resolved to 1 element[22m
    [2m  -   unexpected value "1"[22m
    [2m  -   locator resolved to 1 element[22m
    [2m  -   unexpected value "1"[22m


      26 |     await page.getByTestId('client-form-email').fill('billing@initech.example');
      27 |     await page.getByTestId('client-form-submit').click();
    > 28 |     await expect(page.getByTestId(/^client-row-/)).toHaveCount(2);
         |                                                    ^
      29 |   });
      30 | });
      31 |

        at /home/daniel/ui-work/202610020135/just-solve-chain1/e2e/specs/cp01_clients.spec.ts:28:52


[1A[2K[3/72] [chromium] › cp02_client_email_validation.spec.ts:7:7 › client email validation › rejects a blank email
[1A[2K[4/72] [chromium] › cp02_client_email_validation.spec.ts:20:7 › client email validation › rejects a malformed email
[1A[2K[5/72] [chromium] › cp02_client_email_validation.spec.ts:33:7 › client email validation › accepts a valid email
[1A[2K[6/72] [chromium] › cp03_projects.spec.ts:7:7 › projects › lists projects with their client name, excluding archived
[1A[2K[7/72] [chromium] › cp03_projects.spec.ts:25:7 › projects › creates a project for a client
[1A[2K[8/72] [chromium] › cp04_project_invoices.spec.ts:8:7 › project invoices › a project shows its invoices and their total
[1A[2K[9/72] [chromium] › cp04_project_invoices.spec.ts:27:7 › project invoices › adding a line item to a new invoice sets its amount
[1A[2K[10/72] [chromium] › cp05_invoice_pay_audit.spec.ts:8:7 › invoice payment › recording a full payment marks the invoice paid
[1A[2K[11/72] [chromium] › cp06_client_search.spec.ts:6:7 › client search › filters clients by name and skips archived matches
[1A[2K[12/72] [chromium] › cp07_client_detail_projects.spec.ts:7:7 › client detail › lists the client's active projects by default
[1A[2K[13/72] [chromium] › cp08_dashboard.spec.ts:7:7 › dashboard › shows counts and per-currency outstanding totals
[1A[2K[14/72] [chromium] › cp09_currency_format.spec.ts:6:7 › currency formatting › invoice amounts and totals show commas
[1A[2K[15/72] [chromium] › cp10_invoice_amount_positive.spec.ts:7:7 › invoice amount validation › rejects a non-positive amount
[1A[2K[16/72] [chromium] › cp10_invoice_amount_positive.spec.ts:24:7 › invoice amount validation › accepts a positive amount
[1A[2K[17/72] [chromium] › cp11_invoice_dates.spec.ts:6:7 › invoice dates › an invoice shows its issue and due dates
[1A[2K[18/72] [chromium] › cp12_invoice_sort_due.spec.ts:6:7 › sort invoices by due date › sorts the invoices earliest due first
[1A[2K[19/72] [chromium] › cp13_invoice_lifecycle.spec.ts:8:7 › invoice lifecycle › sending a draft invoice moves it to sent and records it
[1A[2K[20/72] [chromium] › cp13_invoice_lifecycle.spec.ts:24:7 › invoice lifecycle › a sent invoice becomes paid once a covering payment is recorded
[1A[2K[21/72] [chromium] › cp14_all_invoices.spec.ts:6:7 › all invoices › lists invoices from every project with project and status
[1A[2K[22/72] [chromium] › cp15_invoice_status_filter.spec.ts:6:7 › filter invoices by status › shows only invoices at the chosen stage
[1A[2K[23/72] [chromium] › cp16_client_contacts.spec.ts:6:7 › client contacts › lists a client's contacts
[1A[2K[24/72] [chromium] › cp16_client_contacts.spec.ts:24:7 › client contacts › adds a contact to a client
[1A[2K[25/72] [chromium] › cp17_outstanding_sent_only.spec.ts:7:7 › outstanding counts sent invoices only › outstanding is discounted, excludes drafts, and is per currency
[1A[2K[26/72] [chromium] › cp18_contact_email_validation.spec.ts:6:7 › contact email validation › rejects a bad contact email
[1A[2K[27/72] [chromium] › cp19_client_badges.spec.ts:6:7 › client badges › shows project and contact counts
[1A[2K[28/72] [chromium] › cp20_project_tasks.spec.ts:6:7 › project tasks › lists tasks and lets me tick one off
[1A[2K[29/72] [chromium] › cp21_invoice_line_items.spec.ts:6:7 › invoice line items › invoice amount includes tax on the line-item total
[1A[2K  2) [chromium] › cp21_invoice_line_items.spec.ts:6:7 › invoice line items › invoice amount includes tax on the line-item total 

    Error: [31mTimed out 5000ms waiting for [39m[2mexpect([22m[31mlocator[39m[2m).[22mtoHaveText[2m([22m[32mexpected[39m[2m)[22m

    Locator: getByTestId('invoice-row-1').getByTestId('invoice-amount')
    Expected string: [32m"$1,[7m2[27m00.00"[39m
    Received string: [31m"$1,[7m0[27m00.00"[39m
    Call log:
      [2m- expect.toHaveText with timeout 5000ms[22m
    [2m  - waiting for getByTestId('invoice-row-1').getByTestId('invoice-amount')[22m
    [2m  -   locator resolved to <td data-testid="invoice-amount">$1,000.00</td>[22m
    [2m  -   unexpected value "$1,000.00"[22m
    [2m  -   locator resolved to <td data-testid="invoice-amount">$1,000.00</td>[22m
    [2m  -   unexpected value "$1,000.00"[22m
    [2m  -   locator resolved to <td data-testid="invoice-amount">$1,000.00</td>[22m
    [2m  -   unexpected value "$1,000.00"[22m
    [2m  -   locator resolved to <td data-testid="invoice-amount">$1,000.00</td>[22m
    [2m  -   unexpected value "$1,000.00"[22m
    [2m  -   locator resolved to <td data-testid="invoice-amount">$1,000.00</td>[22m
    [2m  -   unexpected value "$1,000.00"[22m
    [2m  -   locator resolved to <td data-testid="invoice-amount">$1,000.00</td>[22m
    [2m  -   unexpected value "$1,000.00"[22m
    [2m  -   locator resolved to <td data-testid="invoice-amount">$1,000.00</td>[22m
    [2m  -   unexpected value "$1,000.00"[22m


      14 |     await page.getByTestId('project-open-1').click();
      15 |     // 1000 + 20% tax = 1,200.00
    > 16 |     await expect(page.getByTestId('invoice-row-1').getByTestId('invoice-amount')).toHaveText('$1,200.00');
         |                                                                                   ^
      17 |   });
      18 | });
      19 |

        at /home/daniel/ui-work/202610020135/just-solve-chain1/e2e/specs/cp21_invoice_line_items.spec.ts:16:83


[1A[2K[30/72] [chromium] › cp22_line_items_edit.spec.ts:6:7 › edit line items › removing a line item lowers the total
[1A[2K[31/72] [chromium] › cp23_task_filter.spec.ts:6:7 › filter tasks › shows only open or only done tasks
[1A[2K[32/72] [chromium] › cp24_project_delete_audit.spec.ts:8:7 › remove a project › removing archives the project and records it
[1A[2K[33/72] [chromium] › cp25_project_archive.spec.ts:8:7 › archive a project › archiving hides the project but keeps it
[1A[2K[34/72] [chromium] › cp26_project_tags.spec.ts:6:7 › project tags › shows, adds and removes tags on a project
[1A[2K[35/72] [chromium] › cp27_project_tag_filter.spec.ts:6:7 › filter projects by tag › shows only projects with the chosen tag
[1A[2K[36/72] [chromium] › cp28_project_notes.spec.ts:6:7 › project notes › shows notes newest first and adds a new one on top
[1A[2K[37/72] [chromium] › cp29_client_archive.spec.ts:8:7 › archive a client › archiving hides the client but keeps it
[1A[2K[38/72] [chromium] › cp30_invoice_payments.spec.ts:8:7 › invoice payments › shows and records payments on an invoice
[1A[2K[39/72] [chromium] › cp31_invoice_amount_due.spec.ts:7:7 › invoice amount due › amount due uses the discounted total
[1A[2K[40/72] [chromium] › cp32_invoice_status_derived.spec.ts:9:7 › derived invoice status › a part payment then full payment drive the status
[1A[2K[41/72] [chromium] › cp33_client_statement.spec.ts:7:7 › client statement › the total owed uses discounted amounts in the client currency
[1A[2K[42/72] [chromium] › cp34_project_status.spec.ts:7:7 › project status › shows a project's status
[1A[2K[43/72] [chromium] › cp34_project_status.spec.ts:17:7 › project status › sets the status when creating a project
[1A[2K[44/72] [chromium] › cp35_project_status_filter.spec.ts:6:7 › filter projects by status › shows only projects at the chosen status
[1A[2K[45/72] [chromium] › cp36_client_active_projects_default.spec.ts:7:7 › client active projects by default › shows active projects, with a toggle for the rest
[1A[2K[46/72] [chromium] › cp37_project_budget.spec.ts:7:7 › project budget › shows budget, invoiced and remaining
[1A[2K[47/72] [chromium] › cp38_dashboard_overdue.spec.ts:7:7 › dashboard overdue › counts sent invoices past their due date
[1A[2K[48/72] [chromium] › cp39_invoice_pagination.spec.ts:6:7 › invoice pagination › pages through the invoice list ten at a time
[1A[2K[49/72] [chromium] › cp40_thousands_separator.spec.ts:7:7 › thousands separators › shows commas in large amounts in the client currency
[1A[2K[50/72] [chromium] › cp41_invoice_cancel_audit.spec.ts:8:7 › cancel invoice › cancelling voids the invoice and records it
[1A[2K[51/72] [chromium] › cp41_invoice_cancel_audit.spec.ts:23:7 › cancel invoice › a voided invoice is excluded from outstanding
[1A[2K  3) [chromium] › cp41_invoice_cancel_audit.spec.ts:23:7 › cancel invoice › a voided invoice is excluded from outstanding 

    Error: [31mTimed out 5000ms waiting for [39m[2mexpect([22m[31mlocator[39m[2m).[22mtoHaveText[2m([22m[32mexpected[39m[2m)[22m

    Locator: getByTestId('dashboard-outstanding-total')
    Expected string: [32m"$100.00"[39m
    Received: <element(s) not found>
    Call log:
      [2m- expect.toHaveText with timeout 5000ms[22m
    [2m  - waiting for getByTestId('dashboard-outstanding-total')[22m


      32 |     await page.goto('/');
      33 |     await page.getByTestId('nav-dashboard').click();
    > 34 |     await expect(page.getByTestId('dashboard-outstanding-total')).toHaveText('$100.00');
         |                                                                   ^
      35 |   });
      36 | });
      37 |

        at /home/daniel/ui-work/202610020135/just-solve-chain1/e2e/specs/cp41_invoice_cancel_audit.spec.ts:34:67


[1A[2K[52/72] [chromium] › cp42_client_primary_contact.spec.ts:6:7 › primary contact › shows and changes the main contact
[1A[2K[53/72] [chromium] › cp43_global_search.spec.ts:6:7 › global search › finds matching clients and projects
[1A[2K[54/72] [chromium] › cp44_client_unique_email.spec.ts:7:7 › client unique email › rejects a duplicate email
[1A[2K[55/72] [chromium] › cp45_client_edit.spec.ts:6:7 › edit client › updates a client name and email
[1A[2K[56/72] [chromium] › cp46_line_item_qty_unit.spec.ts:6:7 › line item quantity and unit › shows quantity, unit and per-line amount
[1A[2K[57/72] [chromium] › cp47_invoice_discount.spec.ts:7:7 › invoice discount › shows subtotal, discount, tax and final total
[1A[2K[58/72] [chromium] › cp48_discount_everywhere.spec.ts:7:7 › discount everywhere › the outstanding total uses the discounted amount per currency
[1A[2K[59/72] [chromium] › cp49_sales_tax.spec.ts:7:7 › sales tax › adds tax after the discount
[1A[2K[60/72] [chromium] › cp50_combined_filter.spec.ts:6:7 › combined project filter › shows active projects with the chosen label
[1A[2K[61/72] [chromium] › cp51_client_sort.spec.ts:6:7 › client sort › sorts clients by outstanding amount
[1A[2K[62/72] [chromium] › cp52_project_to_job_rename.spec.ts:10:7 › projects relabelled to jobs › the section reads "job" while its testids stay unchanged
[1A[2K[63/72] [chromium] › cp53_job_code.spec.ts:6:7 › job code › shows a job code
[1A[2K[64/72] [chromium] › cp53_job_code.spec.ts:16:7 › job code › rejects a duplicate code
[1A[2K[65/72] [chromium] › cp54_invoice_notes.spec.ts:6:7 › invoice notes › shows and adds notes on an invoice
[1A[2K[66/72] [chromium] › cp55_dashboard_top_clients.spec.ts:7:7 › dashboard top clients › ranks clients by outstanding, shown in their currency
[1A[2K[67/72] [chromium] › cp56_payment_allocation.spec.ts:8:7 › payment allocation › splits one payment across two invoices
[1A[2K[68/72] [chromium] › cp57_statement_by_job.spec.ts:7:7 › statement grouped by job › groups invoices by job with subtotals
[1A[2K[69/72] [chromium] › cp58_client_restore.spec.ts:6:7 › restore client › restores an archived client
[1A[2K[70/72] [chromium] › cp59_statement_printable.spec.ts:6:7 › printable statement › shows a printable statement with a grand total
[1A[2K[71/72] [chromium] › cp60_multi_currency.spec.ts:8:7 › multi currency › sets a client currency and shows their money in it
[1A[2K[72/72] [chromium] › cp60_multi_currency.spec.ts:27:7 › multi currency › home screen keeps totals separate per currency
[1A[2K  3 failed
    [chromium] › cp01_clients.spec.ts:21:7 › clients › creates a client with a unique email ────────
    [chromium] › cp21_invoice_line_items.spec.ts:6:7 › invoice line items › invoice amount includes tax on the line-item total 
    [chromium] › cp41_invoice_cancel_audit.spec.ts:23:7 › cancel invoice › a voided invoice is excluded from outstanding 
  69 passed (42.4s)
